1 + 1 = 2
1 + 2 = 3
5 + 10 = 15
1205 + 795 = 2000
Total: 2020
