1 - 1 = 0
1 - 2 = -1
5 - 10 = -5
1205 - 795 = 410
Total: -404
